Loading ./../target/2010-07-16 Altitude - Andrew Murray + Ray Peat.mp4
Video uploaded: https://www.youtube.com/watch?v=4g_ZsFTRWng&feature=youtube_gdata
Loading ./../target/2010-09-17 Sugar 1 - Andrew Murray + Ray Peat.mp4
Video uploaded: https://www.youtube.com/watch?v=ZQEa0gba-xg&feature=youtube_gdata
Loading ./../target/2010-10-15 Sugar 2 - Andrew Murray + Ray Peat.mp4
Video uploaded: https://www.youtube.com/watch?v=30pHL5QPS6g&feature=youtube_gdata
Loading ./../target/2010-11-19 Endotoxins - Andrew Murray + Ray Peat.mp4
Video uploaded: https://www.youtube.com/watch?v=G_pxDHREj_w&feature=youtube_gdata
Loading ./../target/2010-12-17 Radiation - Andrew Murray + Ray Peat.mp4
Video uploaded: https://www.youtube.com/watch?v=YkVTu7zs0W4&feature=youtube_gdata
Loading ./../target/2011-01-21 Inflammation 1 - Andrew Murray + Ray Peat.mp4
Video uploaded: https://www.youtube.com/watch?v=1r7iTbJOgEo&feature=youtube_gdata
Loading ./../target/2011-02-18 Inflammation 2 - Andrew Murray + Ray Peat.mp4
Video uploaded: https://www.youtube.com/watch?v=afsGPeWIDs8&feature=youtube_gdata
Loading ./../target/2011-03-18 Fukujima 1 - Andrew Murray + Ray Peat.mp4
Video uploaded: https://www.youtube.com/watch?v=5HeINl7a-no&feature=youtube_gdata
Loading ./../target/2011-04-15 Fukujima 2 and Serotonin - Andrew Murray + Ray Peat.mp4
Video uploaded: https://www.youtube.com/watch?v=SQeaq98JuPU&feature=youtube_gdata
Loading ./../target/2011-08-19 Milk - Andrew Murray + Ray Peat.mp4
Video uploaded: https://www.youtube.com/watch?v=8tX4ig1sFJo&feature=youtube_gdata
Loading ./../target/2011-09-16 Sugar 1 - Andrew Murray + Ray Peat.mp4
Video uploaded: https://www.youtube.com/watch?v=eVFASY9qNG4&feature=youtube_gdata
Loading ./../target/2011-10-21 Sugar 2 - Andrew Murray + Ray Peat.mp4
Video uploaded: https://www.youtube.com/watch?v=MKACh5wcxhQ&feature=youtube_gdata
Loading ./../target/2011-12-16 Water and Salt - Andrew Murray + Ray Peat.mp4
Video uploaded: https://www.youtube.com/watch?v=HOj56MCRaJk&feature=youtube_gdata
Loading ./../target/2012-02-17 Cancer Treatment - Andrew Murray + Ray Peat.mp4
Video uploaded: https://www.youtube.com/watch?v=_Bvh5AFOkI0&feature=youtube_gdata
Loading ./../target/2012-03-16 Alkalinity vs Acidity - Andrew Murray + Ray Peat.mp4
Video uploaded: https://www.youtube.com/watch?v=kQcWVxpuAoM&feature=youtube_gdata
Loading ./../target/2012-05-18 Genetics vs Environment - Andrew Murray + Ray Peat.mp4
Video uploaded: https://www.youtube.com/watch?v=bv9HX00i81k&feature=youtube_gdata
Loading ./../target/2012-06-15 Cellular Repair - Andrew Murray + Ray Peat.mp4
Video uploaded: https://www.youtube.com/watch?v=gjC-4ZZMfxM&feature=youtube_gdata
Loading ./../target/2012-07-20 Blood Pressure - Andrew Murray + Ray Peat.mp4
Video uploaded: https://www.youtube.com/watch?v=RDRT0iMCzgE&feature=youtube_gdata
Loading ./../target/2012-08-17 Female Symptoms and Sugar Metabolism - Andrew Murray + Ray Peat.mp4
Video uploaded: https://www.youtube.com/watch?v=kbJpeMj-_RU&feature=youtube_gdata
Loading ./../target/2012-09-21 Phosphate and Calcium - Andrew Murray + Ray Peat.mp4
Video uploaded: https://www.youtube.com/watch?v=oevpmN5IYdc&feature=youtube_gdata
Loading ./../target/2012-10-19 Antioxidants - Andrew Murray + Ray Peat.mp4
Video uploaded: https://www.youtube.com/watch?v=68vQqwYIsVA&feature=youtube_gdata
Loading ./../target/2012-11-16 Radiation - Andrew Murray + Ray Peat.mp4
Video uploaded: https://www.youtube.com/watch?v=OB5X5l0wI9A&feature=youtube_gdata
Loading ./../target/2012-12-21 Dementia and Progesterone - Andrew Murray + Ray Peat.mp4
Video uploaded: https://www.youtube.com/watch?v=R53HoqPzav0&feature=youtube_gdata
Loading ./../target/2013-01-18 Carbon Monoxide - Andrew Murray + Ray Peat.mp4
Video uploaded: https://www.youtube.com/watch?v=H_sRdNYT1Nk&feature=youtube_gdata
Loading ./../target/2013-02-15 Weight Gain - Andrew Murray + Ray Peat.mp4
Video uploaded: https://www.youtube.com/watch?v=AIOySDVKYNk&feature=youtube_gdata
Loading ./../target/2013-03-15 Pulpitations - Andrew Murray + Ray Peat.mp4
Video uploaded: https://www.youtube.com/watch?v=mIoHw7Jkaes&feature=youtube_gdata
Loading ./../target/2013-05-17 Heart 1 - Andrew Murray + Ray Peat.mp4
Video uploaded: https://www.youtube.com/watch?v=KzZG-OnNQ9c&feature=youtube_gdata
Loading ./../target/2013-06-21 Heart 2 - Andrew Murray + Ray Peat.mp4
Video uploaded: https://www.youtube.com/watch?v=gRbxDsHf3pY&feature=youtube_gdata
Loading ./../target/2013-07-19 Heart 3 - Andrew Murray + Ray Peat.mp4
Video uploaded: https://www.youtube.com/watch?v=SYQ7CrZKrtY&feature=youtube_gdata
Loading ./../target/2013-08-16 Environmental Enrichment - Andrew Murray + Ray Peat.mp4
Video uploaded: https://www.youtube.com/watch?v=e-KbpmJp1Ww&feature=youtube_gdata
Loading ./../target/2013-09-20 Learned Helplessness - Andrew Murray + Ray Peat.mp4
Video uploaded: https://www.youtube.com/watch?v=G_WjGoke92s&feature=youtube_gdata
Loading ./../target/2013-10-18 Hormone Replacement Therapy - Andrew Murray + Ray Peat.mp4
Video uploaded: https://www.youtube.com/watch?v=RTp7EYOOLLM&feature=youtube_gdata
Loading ./../target/2013-11-15 Hashimotos - Andrew Murray + Ray Peat.mp4
Video uploaded: https://www.youtube.com/watch?v=-o1J65HanE4&feature=youtube_gdata
Loading ./../target/2013-12-20 Aging and Energy - Andrew Murray + Ray Peat.mp4
Video uploaded: https://www.youtube.com/watch?v=NZVQV2S3OVI&feature=youtube_gdata
Loading ./../target/2014-01-17 Questions and Answers - Andrew Murray + Ray Peat.mp4
Video uploaded: https://www.youtube.com/watch?v=8AON6u67jVw&feature=youtube_gdata
Loading ./../target/2008-09-15 Buteyko Breathing - Bud Weiss + Ray Peat.mp4
Video uploaded: https://www.youtube.com/watch?v=150nrgpxUnI&feature=youtube_gdata
Loading ./../target/2010-10-09 Biology of Carbon Dioxide - Bud Weiss + Ray Peat.mp4
Video uploaded: https://www.youtube.com/watch?v=r6hYLtFvmw8&feature=youtube_gdata
Loading ./../target/2012-05-05 Other Part 1 - Damian Paul  + Ray Peat.mp4
Video uploaded: https://www.youtube.com/watch?v=BlxfptLeINc&feature=youtube_gdata
Loading ./../target/2012-05-05 Other Part 2 - Damian Paul  + Ray Peat.mp4
Video uploaded: https://www.youtube.com/watch?v=Y4oNA5-FXKU&feature=youtube_gdata
Loading ./../target/2008-10-31 Thyroid - Daniel Royal + Ray Peat.mp4
Video uploaded: https://www.youtube.com/watch?v=HsXLa1VZFhc&feature=youtube_gdata
Loading ./../target/2008-10-10 Fats - Elise Zotos + Ray Peat.mp4
Video uploaded: https://www.youtube.com/watch?v=6wgaZIQCMGc&feature=youtube_gdata
Loading ./../target/1996-09-02 Thyroid Function - Gary Null + Ray Peat.mp4
Video uploaded: https://www.youtube.com/watch?v=x6bxGBR1Sqs&feature=youtube_gdata
Loading ./../target/2000-01-02 Origin of Life - John Barkhausen + Ray Peat.mp4
Video uploaded: https://www.youtube.com/watch?v=Z5ifkUY2YYE&feature=youtube_gdata
Loading ./../target/2001-01-02 Suppression of Cancer - John Barkhausen + Ray Peat.mp4
Video uploaded: https://www.youtube.com/watch?v=SlD1oKOZnS4&feature=youtube_gdata
Loading ./../target/2008-07-21 Fats - John Barkhausen + Ray Peat.mp4
Video uploaded: https://www.youtube.com/watch?v=8P2OmVv09jA&feature=youtube_gdata
Loading ./../target/2008-07-24 Dogmatism in Science - John Barkhausen + Ray Peat.mp4
Video uploaded: https://www.youtube.com/watch?v=L0ywuAP7zY8&feature=youtube_gdata
Loading ./../target/2008-09-11 Thyroid and Regeneration - John Barkhausen + Ray Peat.mp4
Video uploaded: https://www.youtube.com/watch?v=cwuc5hi8Rpw&feature=youtube_gdata
Loading ./../target/2008-09-18 Reductionist Science - John Barkhausen + Ray Peat.mp4
Video uploaded: https://www.youtube.com/watch?v=wcBskqnhqWc&feature=youtube_gdata
Loading ./../target/2009-04-20 Radiation 1 - John Barkhausen + Ray Peat.mp4
Video uploaded: https://www.youtube.com/watch?v=Udhu_pQVxJk&feature=youtube_gdata
Loading ./../target/2009-04-27 Radiation 2 - John Barkhausen + Ray Peat.mp4
Video uploaded: https://www.youtube.com/watch?v=7NjCopysMzo&feature=youtube_gdata
Loading ./../target/2010-11-10 Self Ordering World - John Barkhausen + Ray Peat.mp4
Video uploaded: https://www.youtube.com/watch?v=3v0-y7UN8R0&feature=youtube_gdata
Loading ./../target/2011-03-30 Obfuscation of Radiation - John Barkhausen + Ray Peat.mp4
Video uploaded: https://www.youtube.com/watch?v=XRI5BkoGquU&feature=youtube_gdata
Loading ./../target/2012-01-07 Food Quality - John Barkhausen + Ray Peat.mp4
Video uploaded: https://www.youtube.com/watch?v=7wa6oY-y1A8&feature=youtube_gdata
Loading ./../target/2012-01-22 Progesterone 1 - John Barkhausen + Ray Peat.mp4
Video uploaded: https://www.youtube.com/watch?v=zdPz3rpyf7U&feature=youtube_gdata
Loading ./../target/2012-01-29 Progesterone 2 - John Barkhausen + Ray Peat.mp4
Video uploaded: https://www.youtube.com/watch?v=4-ab5JxL9vY&feature=youtube_gdata
Loading ./../target/2012-02-07 Progesterone 3 - John Barkhausen + Ray Peat.mp4
Video uploaded: https://www.youtube.com/watch?v=GDU-117j92M&feature=youtube_gdata
Loading ./../target/2012-02-22 Fundraiser 1 - John Barkhausen + Ray Peat.mp4
Video uploaded: https://www.youtube.com/watch?v=62x4DPKGWrM&feature=youtube_gdata
Loading ./../target/2012-02-22 Fundraiser 2 - John Barkhausen + Ray Peat.mp4
Video uploaded: https://www.youtube.com/watch?v=tW7z5OH8o5w&feature=youtube_gdata
Loading ./../target/2012-05-18 Autoimmune and Movement - John Barkhausen + Ray Peat.mp4
Video uploaded: https://www.youtube.com/watch?v=UXkylJ-yP3M&feature=youtube_gdata
Loading ./../target/2013-02-20 Call In Show - John Barkhausen + Ray Peat.mp4
Video uploaded: https://www.youtube.com/watch?v=3CupVS6qlvc&feature=youtube_gdata
Loading ./../target/2013-07-17 Energy and Metabolism - Josh Rubin + Ray Peat.mp4
Video uploaded: https://www.youtube.com/watch?v=3T8CU5r3mdQ&feature=youtube_gdata
Loading ./../target/2011-07-04 Life Supporting Substances - Kim Greenhouse + Ray Peat.mp4
Video uploaded: https://www.youtube.com/watch?v=SFvZNR_-Q_I&feature=youtube_gdata
Loading ./../target/2009-10-10 Foundational Hormones - Maureen Moss + Ray Peat.mp4
Video uploaded: https://www.youtube.com/watch?v=6TbPiUeU-ek&feature=youtube_gdata
Loading ./../target/2014-01-01 Health and Diet 1 - Patrick Timpone + Ray Peat.mp4
Video uploaded: https://www.youtube.com/watch?v=aU578aAv7lw&feature=youtube_gdata
Loading ./../target/2014-01-01 Health and Diet 2 - Patrick Timpone + Ray Peat.mp4
Video uploaded: https://www.youtube.com/watch?v=JfAJMWQKYoc&feature=youtube_gdata
Loading ./../target/2013-09-09 Misconceptions about Nutrition - Sharon Kleyne + Ray Peat.mp4
Video uploaded: https://www.youtube.com/watch?v=gyHNs0jSakI&feature=youtube_gdata
Loading ./../target/2011-06-17 Serotonin Endotoxins Stress - Andrew Murray + Ray Peat.mp4
Video uploaded: https://www.youtube.com/watch?v=emVKTtem-4I&feature=youtube_gdata
Loading ./../target/2011-07-15 Hair Loss Inflamation - Andrew Murray + Ray Peat.mp4
Video uploaded: https://www.youtube.com/watch?v=F8nTPZXzj7c&feature=youtube_gdata
Loading ./../target/2011-11-18 Energy Diabetes Fats - Andrew Murray + Ray Peat.mp4
Video uploaded: https://www.youtube.com/watch?v=qbl7jFHLrdg&feature=youtube_gdata
